[www.alliedmaintenance.co.in/index.html]
[backblue.gif]
[fade.gif]
[index.html]
[catalog.wlimg.com/main-common/catalog_common.css]
[catalog.wlimg.com/templates-images/12569/12573/catalog.css]
[catalog.wlimg.com/main-common/jquery.latest.min.js]
[catalog.wlimg.com/main-common/bizcatglog-js.js]
[catalog.wlimg.com/main-common/swfobject-new.js]
[catalog.wlimg.com/main-common/resp_common.js]
[catalog.wlimg.com/main-common/Modernizr2.7.1.js]
[catalog.wlimg.com/templates-images/12569/common/jquery.bxslider.min.js]
[catalog.wlimg.com/templates-images/12569/common/12569.js]
[catalog.wlimg.com/catalog-image-jquery/jquery.fancybox.min.js]
[catalog.wlimg.com/main-common/jquery.photo.gallery.js]
[catalog.wlimg.com/main-common/jquery.paging.photo.gallery.js]
[catalog.wlimg.com/templates-images/12569/12573/setting-icon.gif]
[catalog.wlimg.com/templates-images/12569/12573/bg1.jpg]
[catalog.wlimg.com/templates-images/12569/12573/bg3.jpg]
[catalog.wlimg.com/templates-images/12569/12573/ei_footerbg.png]
[www.alliedmaintenance.co.in/about-us.html]
[www.alliedmaintenance.co.in/services.html]
[www.alliedmaintenance.co.in/diesel-generator-rental-services.html]
[www.alliedmaintenance.co.in/overhauling-services.html]
[www.alliedmaintenance.co.in/alternator-maintenance-services.html]
[www.alliedmaintenance.co.in/amf-panel-inspection-services.html]
[www.alliedmaintenance.co.in/breakdown-call-services.html]
[www.alliedmaintenance.co.in/dg-set-testing-services.html]
[www.alliedmaintenance.co.in/inventory-management-services.html]
[www.alliedmaintenance.co.in/loading-and-unloading-services.html]
[www.alliedmaintenance.co.in/current-jobs.html]
[www.alliedmaintenance.co.in/contact-us.html]
[www.alliedmaintenance.co.in/sitemap.html]
[2.wlimg.com/product_images/bc-small/dir_157/4687321/diesel-generator-rental-services-1512125156-3490914.jpg]
[2.wlimg.com/product_images/bc-small/dir_157/4687321/overhauling-services-1512125271-3490926.jpg]
[2.wlimg.com/product_images/bc-small/dir_157/4687321/alternator-maintenance-services-1512125369-3490930.jpg]
[2.wlimg.com/product_images/bc-small/dir_157/4687321/amf-panel-inspection-services-1512125399-3490933.jpg]
[www.alliedmaintenance.co.in/thanks.html]
[catalog.wlimg.com/flags/en-24x16.png]
[catalog.wlimg.com/flags/fi-24x16.png]
[catalog.wlimg.com/flags/el-24x16.png]
[catalog.wlimg.com/flags/hi-24x16.png]
[translate.google.com/translate_a/element.30a0d8.delayed]
[www.alliedmaintenance.co.in/services-2.html]
[catalog.wlimg.com/templates-images/12569/common/rss_icon.png]
[catalog.wlimg.com/main-common/ei.png]
[www.alliedmaintenance.co.in/index.html]
[catalog.wlimg.com/main-common/zoom.png]
[catalog.wlimg.com/main-common/fonts/icomoon.eot]
[catalog.wlimg.com/main-common/fonts/icomoon.ttf]
[catalog.wlimg.com/main-common/fonts/icomoon.woff]
[catalog.wlimg.com/main-common/fonts/icomoond41d.eot]
[catalog.wlimg.com/main-common/fonts/alexbrush.woff]
[catalog.wlimg.com/main-common/fonts/alexbrush.svg]
[catalog.wlimg.com/main-common/fonts/allan.eot]
[catalog.wlimg.com/main-common/fonts/allan.ttf]
[catalog.wlimg.com/main-common/fonts/alland41d.eot]
[catalog.wlimg.com/main-common/fonts/allan.woff]
[catalog.wlimg.com/main-common/fonts/carterone.woff]
[catalog.wlimg.com/main-common/fonts/chewy.eot]
[catalog.wlimg.com/main-common/fonts/chewyd41d.eot]
[catalog.wlimg.com/main-common/fonts/chewy.ttf]
[catalog.wlimg.com/main-common/fonts/chewy.woff]
[catalog.wlimg.com/main-common/fonts/carterone.svg]
[catalog.wlimg.com/main-common/fonts/droidserif.ttf]
[catalog.wlimg.com/main-common/fonts/droidserif.svg]
[catalog.wlimg.com/main-common/fonts/fondamentod41d.eot]
[catalog.wlimg.com/main-common/fonts/fondamento.ttf]
[catalog.wlimg.com/main-common/fonts/fondamento.woff]
[catalog.wlimg.com/main-common/fonts/fondamento.svg]
[catalog.wlimg.com/main-common/fonts/francoisone.eot]
[catalog.wlimg.com/main-common/fonts/francoisone.svg]
[catalog.wlimg.com/main-common/fonts/josefinsansd41d.eot]
[catalog.wlimg.com/main-common/fonts/josefinsans.svg]
[catalog.wlimg.com/main-common/fonts/josefinsans.ttf]
[catalog.wlimg.com/main-common/fonts/kenia.eot]
[catalog.wlimg.com/main-common/fonts/josefinsans.woff]
[catalog.wlimg.com/main-common/fonts/kenia.ttf]
[catalog.wlimg.com/main-common/fonts/keniad41d.eot]
[catalog.wlimg.com/main-common/fonts/lobster.svg]
[catalog.wlimg.com/main-common/fonts/lobsterd41d.eot]
[catalog.wlimg.com/main-common/fonts/loveyalikeasister.eot]
[catalog.wlimg.com/main-common/fonts/lobster.woff]
[catalog.wlimg.com/main-common/fonts/loveyalikeasisterd41d.eot]
[catalog.wlimg.com/main-common/fonts/loveyalikeasister.woff]
[catalog.wlimg.com/main-common/fonts/marcellus.eot]
[catalog.wlimg.com/main-common/fonts/marcellus.ttf]
[catalog.wlimg.com/main-common/fonts/marcellusd41d.eot]
[catalog.wlimg.com/main-common/fonts/marcellus.woff]
[catalog.wlimg.com/main-common/fonts/opensans.svg]
[catalog.wlimg.com/main-common/fonts/loveyalikeasister.svg]
[catalog.wlimg.com/main-common/fonts/opensans.ttf]
[catalog.wlimg.com/main-common/fonts/opensans.woff]
[catalog.wlimg.com/main-common/fonts/oregano.eot]
[catalog.wlimg.com/main-common/fonts/oswald.eot]
[catalog.wlimg.com/main-common/fonts/oregano.woff]
[catalog.wlimg.com/main-common/fonts/oswald.ttf]
[catalog.wlimg.com/main-common/fonts/oreganod41d.eot]
[catalog.wlimg.com/main-common/fonts/oswaldd41d.eot]
[catalog.wlimg.com/main-common/fonts/parisienned41d.eot]
[catalog.wlimg.com/main-common/fonts/parisienne.woff]
[catalog.wlimg.com/main-common/fonts/parisienne.svg]
[catalog.wlimg.com/main-common/fonts/playball.eot]
[catalog.wlimg.com/main-common/fonts/playball.ttf]
[catalog.wlimg.com/main-common/fonts/playballd41d.eot]
[catalog.wlimg.com/main-common/fonts/playball.svg]
[catalog.wlimg.com/main-common/fonts/righteousd41d.eot]
[catalog.wlimg.com/main-common/fonts/righteous.svg]
[catalog.wlimg.com/main-common/fonts/roboto.eot]
[catalog.wlimg.com/main-common/fonts/roboto.svg]
[catalog.wlimg.com/main-common/fonts/roboto.ttf]
[catalog.wlimg.com/main-common/fonts/roboto.woff]
[catalog.wlimg.com/main-common/fonts/robotod41d.eot]
[catalog.wlimg.com/main-common/fonts/robotocondensed.eot]
[catalog.wlimg.com/main-common/fonts/robotocondensedd41d.eot]
[catalog.wlimg.com/main-common/fonts/robotocondensed.woff]
[catalog.wlimg.com/main-common/fonts/Unkempt.eot]
[catalog.wlimg.com/main-common/fonts/Unkempt.svg]
[catalog.wlimg.com/main-common/fonts/Unkemptd41d.eot]
[catalog.wlimg.com/main-common/fonts/fontawesome-webfont.ttf]
[catalog.wlimg.com/main-common/fonts/ColabReg.eot]
[catalog.wlimg.com/main-common/fonts/ColabRegd41d.eot]
[catalog.wlimg.com/main-common/fonts/fontawesome-webfont.eot]
[catalog.wlimg.com/main-common/fonts/fontawesome-webfont.svg]
[catalog.wlimg.com/main-common/fonts/ColabReg.svg]
[catalog.wlimg.com/main-common/catalog_common.css]
[catalog.wlimg.com/templates-images/12569/12573/pi-icons/adv-mdm.png]
[catalog.wlimg.com/main-common/fonts/fontawesome-webfontd41d.eot]
[catalog.wlimg.com/main-common/fonts/ColabReg.woff]
[catalog.wlimg.com/templates-images/12569/12573/pi-icons/automobile.png]
[catalog.wlimg.com/templates-images/12569/12573/pi-icons/a-industry.png]
[catalog.wlimg.com/templates-images/12569/12573/pi-icons/banking.png]
[catalog.wlimg.com/templates-images/12569/12573/pi-icons/bfsi.png]
[catalog.wlimg.com/templates-images/12569/12573/pi-icons/bpo.png]
[catalog.wlimg.com/templates-images/12569/12573/pi-icons/chemical-PF.png]
[catalog.wlimg.com/templates-images/12569/12573/pi-icons/cons-durab.png]
[catalog.wlimg.com/templates-images/12569/12573/pi-icons/education-t.png]
[catalog.wlimg.com/templates-images/12569/12573/pi-icons/E-technical.png]
[catalog.wlimg.com/templates-images/12569/12573/pi-icons/event-Org.png]
[catalog.wlimg.com/templates-images/12569/12573/pi-icons/exp-imp.png]
[catalog.wlimg.com/templates-images/12569/12573/pi-icons/finance.png]
[catalog.wlimg.com/templates-images/12569/12573/pi-icons/fmcg.png]
[catalog.wlimg.com/templates-images/12569/12573/pi-icons/food-ind.png]
[catalog.wlimg.com/templates-images/12569/12573/pi-icons/heavy-ind.png]
[catalog.wlimg.com/templates-images/12569/12573/pi-icons/ites.png]
[catalog.wlimg.com/templates-images/12569/12573/pi-icons/manufac-O.png]
[catalog.wlimg.com/templates-images/12569/12573/pi-icons/oil-gas.png]
[catalog.wlimg.com/templates-images/12569/12573/pi-icons/pharma-MH.png]
[catalog.wlimg.com/templates-images/12569/12573/pi-icons/PP-ind.png]
[catalog.wlimg.com/templates-images/12569/12573/pi-icons/PR-energy.png]
[catalog.wlimg.com/templates-images/12569/12573/pi-icons/retail.png]
[catalog.wlimg.com/templates-images/12569/12573/pi-icons/sales-markt.png]
[catalog.wlimg.com/templates-images/12569/12573/pi-icons/telecom-tech.png]
[catalog.wlimg.com/templates-images/12569/12573/pi-icons/texttile-ind.png]
[catalog.wlimg.com/templates-images/12569/12573/pi-icons/career-cons.png]
[catalog.wlimg.com/templates-images/12569/12573/pi-icons/dist-educt.png]
[catalog.wlimg.com/templates-images/12569/12573/pi-icons/domes-plac.png]
[catalog.wlimg.com/templates-images/12569/12573/pi-icons/ex-search.png]
[catalog.wlimg.com/templates-images/12569/12573/pi-icons/head-hunt.png]
[catalog.wlimg.com/templates-images/12569/12573/pi-icons/house-ser.png]
[catalog.wlimg.com/templates-images/12569/12573/pi-icons/hr-consul.png]
[catalog.wlimg.com/templates-images/12569/12573/pi-icons/manp-rec.png]
[catalog.wlimg.com/templates-images/12569/12573/pi-icons/migr-ser.png]
[catalog.wlimg.com/templates-images/12569/12573/pi-icons/overseas.png]
[catalog.wlimg.com/templates-images/12569/12573/pi-icons/payr-mang.png]
[catalog.wlimg.com/templates-images/12569/12573/pi-icons/rpo-ser.png]
[catalog.wlimg.com/templates-images/12569/12573/pi-icons/secr-ser.png]
[catalog.wlimg.com/templates-images/12569/12573/pi-icons/staff-sol.png]
[catalog.wlimg.com/templates-images/12569/12573/pi-icons/train-develop.png]
[catalog.wlimg.com/templates-images/12569/12573/pi-icons/work-home.png]
[catalog.wlimg.com/templates-images/12569/12573/pi-icons/realestate.png]
[catalog.wlimg.com/templates-images/12569/12573/pi-icons/resume-writing.png]
[catalog.wlimg.com/templates-images/12569/12573/pi-icons/turn-key-hiring-projects.png]
[catalog.wlimg.com/templates-images/12569/12573/pi-icons/network.png]
[catalog.wlimg.com/templates-images/12569/12573/pi-icons/enterprise.png]
[catalog.wlimg.com/templates-images/12569/12573/pi-icons/remote.png]
[catalog.wlimg.com/templates-images/12569/12573/pi-icons/jamsJwell.png]
[catalog.wlimg.com/templates-images/12569/12573/controls-test.png]
[catalog.wlimg.com/templates-images/12569/12573/controls-home.png]
[catalog.wlimg.com/templates-images/12569/12573/jbskr_bg.jpg]
[catalog.wlimg.com/templates-images/12569/12573/fonts/fontawesome-webfont3e6e.eot]
[catalog.wlimg.com/templates-images/12569/12573/fonts/fontawesome-webfontd41d.eot]
[catalog.wlimg.com/templates-images/12569/12573/fonts/fontawesome-webfont3e6e.woff2]
[catalog.wlimg.com/templates-images/12569/12573/fonts/fontawesome-webfont3e6e.woff]
[catalog.wlimg.com/templates-images/12569/12573/fonts/fontawesome-webfont3e6e.ttf]
[catalog.wlimg.com/templates-images/12569/12573/fonts/fontawesome-webfont3e6e.svg]
[catalog.wlimg.com/templates-images/12569/12573/placement-bg.jpg]
[catalog.wlimg.com/templates-images/12569/12573/contact_image4.png]
[catalog.wlimg.com/templates-images/12569/12573/contact_image5.png]
[catalog.wlimg.com/templates-images/12569/12573/close.png]
[catalog.wlimg.com/templates-images/12569/12573/sprites_image.png]
[catalog.wlimg.com/templates-images/12569/12573/sitemap_home.png]
[catalog.wlimg.com/templates-images/12569/12573/sitemap_hr.png]
[catalog.wlimg.com/templates-images/12569/12573/zoom_bg.png]
[catalog.wlimg.com/templates-images/12569/12573/sprite-activities.png]
[catalog.wlimg.com/templates-images/12569/12573/sprite-activities-gray.png]
[catalog.wlimg.com/templates-images/12569/12573/fluid_dg-loader.gif]
[catalog.wlimg.com/templates-images/12569/12573/controls.png]
[catalog.wlimg.com/templates-images/12569/12573/loading.gif]
[catalog.wlimg.com/templates-images/12569/12573/pi-slider5.png]
[catalog.wlimg.com/templates-images/12569/12573/ttw-contact2.jpg]
[catalog.wlimg.com/templates-images/12569/12573/foot-bg.png]
[catalog.wlimg.com/templates-images/12569/12573/logo-bg.png]
[catalog.wlimg.com/templates-images/12569/12573/progress.gif]
[catalog.wlimg.com/templates-images/12569/12573/bottom_bg.png]
[catalog.wlimg.com/templates-images/12569/12573/play.png]
[catalog.wlimg.com/templates-images/12569/12573/pause2.png]
[catalog.wlimg.com/templates-images/12569/12573/button-tray.png]
[catalog.wlimg.com/templates-images/12569/12573/thumb-back.png]
[catalog.wlimg.com/templates-images/12569/12573/thumb-forward.png]
[catalog.wlimg.com/templates-images/12569/12573/li-cur.png]
[catalog.wlimg.com/templates-images/12569/12573/home-bg.png]
[catalog.wlimg.com/templates-images/12569/12573/contact-bg.jpg]
[catalog.wlimg.com/templates-images/12569/12573/catalog.css]
[catalog.wlimg.com/templates-images/12569/12573/responsive.css]
[catalog.wlimg.com/templates-images/12569/12573/mobile.css]
[catalog.wlimg.com/main-common/jquery.latest.min.js]
[catalog.wlimg.com/main-common/bizcatglog-js.js]
[catalog.wlimg.com/main-common/country_list.js]
[catalog.wlimg.com/main-common/common-static-form.js]
[catalog.wlimg.com/main-common/swfobject-new.js]
[catalog.wlimg.com/jquery-date-picker/jquery-ui.min.js]
[catalog.wlimg.com/main-common/resp_common.js]
[www.alliedmaintenance.co.in/v/index.html]
[catalog.wlimg.com/main-common/Modernizr2.7.1.js]
[catalog.wlimg.com/templates-images/12569/common/ddsmoothmenu.js]
[catalog.wlimg.com/templates-images/12569/common/jquery.bxslider.min.js]
[catalog.wlimg.com/templates-images/12569/common/jquery.DG_Slider.min.js]
[catalog.wlimg.com/templates-images/12569/common/12569.js]
[catalog.wlimg.com/catalog-image-jquery/jquery.fancybox.min.js]
[catalog.wlimg.com/main-common/jquery.photo.gallery.js]
[catalog.wlimg.com/main-common/jquery.paging.photo.gallery.js]
[catalog.wlimg.com/templates-images/12569/common/jquery.zoom-min.js]
[www.alliedmaintenance.co.in/about-us.html]
[2.wlimg.com/product_images/bc-small/dir_157/4687321/breakdown-call-services-1512125472-3490937.jpg]
[2.wlimg.com/product_images/bc-small/dir_157/4687321/dg-set-testing-services-1512125499-3490941.jpg]
[2.wlimg.com/product_images/bc-small/dir_157/4687321/inventory-management-services-1512125563-3490946.jpg]
[2.wlimg.com/product_images/bc-small/dir_157/4687321/loading-and-unloading-services-1512125601-3490951.jpg]
[www.alliedmaintenance.co.in/services.html]
[catalog.wlimg.com/templates-images/12569/12573/left_arrow.png]
[2.wlimg.com/product_images/bc-full/dir_157/4687321/diesel-generator-rental-service-01-1512125179_s_3490914_657570.jpg]
[2.wlimg.com/product_images/bc-full/dir_157/4687321/diesel-generator-rental-service-02-1512125188_s_3490914_657571.jpg]
[2.wlimg.com/product_images/bc-full/dir_157/4687321/diesel-generator-rental-service-03-1512125198_s_3490914_657572.jpg]
[2.wlimg.com/product_images/bc-full/dir_157/4687321/diesel-generator-rental-service-04-1512125208_s_3490914_657573.jpg]
[2.wlimg.com/product_images/bc-full/dir_157/4687321/diesel-generator-rental-service-05-1512125219_s_3490914_657574.jpg]
[catalog.wlimg.com/templates-images/12569/12573/right_arrow.png]
[2.wlimg.com/product_images/bc-small/dir_157/4687321/diesel-generator-rental-service-01-1512125179_s_3490914_657570.jpg]
[2.wlimg.com/product_images/bc-small/dir_157/4687321/diesel-generator-rental-service-02-1512125188_s_3490914_657571.jpg]
[2.wlimg.com/product_images/bc-small/dir_157/4687321/diesel-generator-rental-service-03-1512125198_s_3490914_657572.jpg]
[2.wlimg.com/product_images/bc-small/dir_157/4687321/diesel-generator-rental-service-04-1512125208_s_3490914_657573.jpg]
[www.alliedmaintenance.co.in/diesel-generator-rental-services.html]
[2.wlimg.com/product_images/bc-small/dir_157/4687321/diesel-generator-rental-service-05-1512125219_s_3490914_657574.jpg]
[2.wlimg.com/product_images/bc-full/dir_157/4687321/overhauling-service-01-1512125293_s_3490926_657575.jpg]
[2.wlimg.com/product_images/bc-full/dir_157/4687321/overhauling-service-02-1512125304_s_3490926_657576.jpg]
[2.wlimg.com/product_images/bc-full/dir_157/4687321/overhauling-service-03-1512125314_s_3490926_657578.jpg]
[2.wlimg.com/product_images/bc-full/dir_157/4687321/overhauling-service-04-1512125324_s_3490926_657579.jpg]
[2.wlimg.com/product_images/bc-small/dir_157/4687321/overhauling-service-01-1512125293_s_3490926_657575.jpg]
[2.wlimg.com/product_images/bc-small/dir_157/4687321/overhauling-service-02-1512125304_s_3490926_657576.jpg]
[2.wlimg.com/product_images/bc-small/dir_157/4687321/overhauling-service-03-1512125314_s_3490926_657578.jpg]
[www.alliedmaintenance.co.in/overhauling-services.html]
[2.wlimg.com/product_images/bc-small/dir_157/4687321/overhauling-service-04-1512125324_s_3490926_657579.jpg]
[2.wlimg.com/product_images/bc-full/dir_157/4687321/alternator-maintenance-services-1512125369-3490930.jpg]
[www.alliedmaintenance.co.in/alternator-maintenance-services.html]
[2.wlimg.com/product_images/bc-full/dir_157/4687321/amf-panel-inspection-services-1512125399-3490933.jpg]
[www.alliedmaintenance.co.in/amf-panel-inspection-services.html]
[www.alliedmaintenance.co.in/breakdown-call-services.html]
[2.wlimg.com/product_images/bc-full/dir_157/4687321/breakdown-call-services-1512125472-3490937.jpg]
[2.wlimg.com/product_images/bc-full/dir_157/4687321/dg-set-testing-services-1512125499-3490941.jpg]
[www.alliedmaintenance.co.in/dg-set-testing-services.html]
[2.wlimg.com/product_images/bc-full/dir_157/4687321/inventory-management-services-1512125563-3490946.jpg]
[www.alliedmaintenance.co.in/inventory-management-services.html]
[2.wlimg.com/product_images/bc-full/dir_157/4687321/loading-and-unloading-services-1512125601-3490951.jpg]
[www.alliedmaintenance.co.in/loading-and-unloading-services.html]
[www.alliedmaintenance.co.in/current-jobs.html]
[www.alliedmaintenance.co.in/contact-us.html]
[www.alliedmaintenance.co.in/sitemap.html]
[www.alliedmaintenance.co.in/thanks.html]
[translate.google.com/translate_a/elementa0d8.html]
[www.alliedmaintenance.co.in/services-2.html]
[catalog.wlimg.com/main-common/fonts/alexbrush.eot]
[catalog.wlimg.com/main-common/fonts/alexbrushd41d.eot]
[catalog.wlimg.com/main-common/fonts/alexbrush.svg]
[catalog.wlimg.com/main-common/fonts/alexbrush.ttf]
[catalog.wlimg.com/main-common/fonts/carterone.eot]
[catalog.wlimg.com/main-common/fonts/icomoon.svg]
[catalog.wlimg.com/main-common/fonts/carterone.ttf]
[catalog.wlimg.com/main-common/fonts/carterone.svg]
[catalog.wlimg.com/main-common/fonts/droidserif.svg]
[catalog.wlimg.com/main-common/fonts/fondamento.svg]
[catalog.wlimg.com/main-common/fonts/droidserifd41d.eot]
[catalog.wlimg.com/main-common/fonts/droidserif.woff]
[catalog.wlimg.com/main-common/fonts/fondamento.eot]
[catalog.wlimg.com/main-common/fonts/francoisoned41d.eot]
[catalog.wlimg.com/main-common/fonts/francoisone.svg]
[catalog.wlimg.com/main-common/fonts/josefinsans.svg]
[catalog.wlimg.com/main-common/fonts/francoisone.ttf]
[catalog.wlimg.com/main-common/fonts/francoisone.woff]
[catalog.wlimg.com/main-common/fonts/kenia.svg]
[catalog.wlimg.com/main-common/fonts/lobster.svg]
[catalog.wlimg.com/main-common/fonts/loveyalikeasister.svg]
[catalog.wlimg.com/main-common/fonts/opensans.eot]
[catalog.wlimg.com/main-common/fonts/opensansd41d.eot]
[catalog.wlimg.com/main-common/fonts/opensans.svg]
[catalog.wlimg.com/main-common/fonts/oswald.woff]
[catalog.wlimg.com/main-common/fonts/oswald.svg]
[catalog.wlimg.com/main-common/fonts/parisienne.eot]
[catalog.wlimg.com/main-common/fonts/parisienne.svg]
[catalog.wlimg.com/main-common/fonts/oregano.svg]
[catalog.wlimg.com/main-common/fonts/playball.svg]
[catalog.wlimg.com/main-common/fonts/loveyalikeasister.ttf]
[catalog.wlimg.com/main-common/fonts/lobster.ttf]
[catalog.wlimg.com/main-common/fonts/righteous.svg]
[catalog.wlimg.com/main-common/fonts/roboto.svg]
[catalog.wlimg.com/main-common/fonts/righteous.ttf]
[catalog.wlimg.com/main-common/fonts/playball.woff]
[catalog.wlimg.com/main-common/fonts/righteous.woff]
[catalog.wlimg.com/main-common/fonts/Unkempt.svg]
[catalog.wlimg.com/main-common/fonts/fontawesome-webfont.svg]
[catalog.wlimg.com/main-common/fonts/ColabReg.ttf]
[catalog.wlimg.com/main-common/fonts/ColabReg.svg]
[catalog.wlimg.com/templates-images/12569/12573/pi-icons/cons-realE.png]
[catalog.wlimg.com/templates-images/12569/12573/pi-icons/fab-erec.html]
[catalog.wlimg.com/templates-images/12569/12573/pi-icons/insurance.png]
[catalog.wlimg.com/main-common/fonts/fontawesome-webfont.woff]
[catalog.wlimg.com/templates-images/12569/12573/pi-icons/tour-travel.png]
[catalog.wlimg.com/templates-images/12569/12573/pi-icons/trans-logis.png]
[catalog.wlimg.com/main-common/fonts/robotocondensed.ttf]
[catalog.wlimg.com/templates-images/12569/12573/pi-icons/admission.png]
[catalog.wlimg.com/main-common/fonts/Unkempt.woff]
[catalog.wlimg.com/templates-images/12569/12573/pi-icons/event-org.html]
[catalog.wlimg.com/templates-images/12569/12573/common_x_bgs_50px.html]
[catalog.wlimg.com/templates-images/12569/12573/fonts/fontawesome-webfont3e6e.html]
[catalog.wlimg.com/templates-images/12569/12573/fonts/fontawesome-webfontd41d.html]
[catalog.wlimg.com/templates-images/12569/12573/fonts/fontawesome-webfont3e6e-2.html]
[catalog.wlimg.com/templates-images/12569/12573/fonts/fontawesome-webfont3e6e-3.html]
[catalog.wlimg.com/templates-images/12569/12573/fonts/fontawesome-webfont3e6e-4.html]
[catalog.wlimg.com/templates-images/12569/12573/fonts/fontawesome-webfont3e6e-5.html]
[catalog.wlimg.com/templates-images/12569/12573/contact_image2.png]
[catalog.wlimg.com/templates-images/12569/12573/pi-icons/hiring.png]
[catalog.wlimg.com/templates-images/12569/12573/empl_bg.jpg]
[catalog.wlimg.com/templates-images/12569/12573/sprite_icons.png]
[catalog.wlimg.com/templates-images/12569/12573/pattern_n2.png]
[catalog.wlimg.com/templates-images/12569/12573/fluid_dg_skins.png]
[catalog.wlimg.com/templates-images/12569/12573/bx_loader.html]
[catalog.wlimg.com/templates-images/12569/12573/bg-packages2.jpg]
[catalog.wlimg.com/templates-images/12569/12573/bg-packages3.html]
[catalog.wlimg.com/templates-images/12569/12573/pattern.html]
[catalog.wlimg.com/templates-images/12569/12573/responsive.css]
[catalog.wlimg.com/templates-images/12569/12573/mobile.css]
[catalog.wlimg.com/main-common/country_list.js]
[catalog.wlimg.com/main-common/common-static-form.js]
[catalog.wlimg.com/jquery-date-picker/jquery-ui.min.js]
[www.alliedmaintenance.co.in/v/index.html]
[catalog.wlimg.com/templates-images/12569/12573/ttw-bg2.jpg]
[www.alliedmaintenance.co.in/spacer.129.delayed]
[catalog.wlimg.com/templates-images/12569/common/ddsmoothmenu.js]
[catalog.wlimg.com/templates-images/12569/common/jquery.DG_Slider.min.js]
[catalog.wlimg.com/templates-images/12569/common/jquery.zoom-min.js]
[catalog.wlimg.com/1/4687321/other-images/12569-comp-image.png]
[catalog.wlimg.com/main-common/fonts/icomoon.svg]
[catalog.wlimg.com/main-common/fonts/allan.svg]
[catalog.wlimg.com/main-common/fonts/carteroned41d.eot]
[catalog.wlimg.com/main-common/fonts/droidserif.eot]
[catalog.wlimg.com/main-common/fonts/kenia.svg]
[catalog.wlimg.com/main-common/fonts/josefinsans.eot]
[catalog.wlimg.com/main-common/fonts/oregano.svg]
[catalog.wlimg.com/main-common/fonts/oswald.svg]
[catalog.wlimg.com/main-common/fonts/marcellus.svg]
[catalog.wlimg.com/main-common/fonts/kenia.woff]
[catalog.wlimg.com/main-common/fonts/righteous.eot]
[catalog.wlimg.com/templates-images/12569/12573/pi-icons/marine-ship.png]
[catalog.wlimg.com/main-common/fonts/parisienne.ttf]
[catalog.wlimg.com/templates-images/12569/12573/dc_bdr.png]
[catalog.wlimg.com/main-common/fonts/Unkempt.ttf]
[www.alliedmaintenance.co.in/spacer.html]
[catalog.wlimg.com/templates-images/12569/common/fluid_dg.min.js]
[catalog.wlimg.com/main-common/fonts/allan.svg]
[catalog.wlimg.com/main-common/fonts/chewy.svg]
[catalog.wlimg.com/main-common/fonts/lobster.eot]
[catalog.wlimg.com/main-common/fonts/marcellus.svg]
[catalog.wlimg.com/main-common/fonts/oregano.ttf]
[catalog.wlimg.com/main-common/fonts/robotocondensed.svg]
[catalog.wlimg.com/jquery-date-picker/images/ui-bg_diagonals-thick_20_666666_40x40.png]
[catalog.wlimg.com/templates-images/12569/12573/pi-icons/camp-hire.png]
